// Jest Snapshot v1, https://goo.gl/fbAQLP

exports[`<CheckBox /> renders without crashing 1`] = `ShallowWrapper {}`;
